// Jest Snapshot v1, https://goo.gl/fbAQLP

exports[`Card should render with default className as it specified 1`] = `
<div
  className="u-boxShadowBottom u-borderRadius2 cardTest-clsName"
/>
`;
